$ /usr/bin/python3 dashboard/server.py --config /ws/dashboard/run/m2_fixture/dashboard.yaml --check-config --check-timeout 4
ROS_DOMAIN_ID=82 RMW_IMPLEMENTATION=(default) bind=127.0.0.1:8092 mock=False
PASS	topics	/cf230/pose	geometry_msgs/msg/PoseStamped	PASS
PASS	topics	/cf231/pose	geometry_msgs/msg/PoseStamped	PASS
PASS	topics	/cf232/pose	geometry_msgs/msg/PoseStamped	PASS
PASS	topics	/cf233/pose	geometry_msgs/msg/PoseStamped	PASS
PASS	topics	/cf230/status	crazyflie_interfaces/msg/Status	PASS
PASS	topics	/cf231/status	crazyflie_interfaces/msg/Status	PASS
PASS	topics	/cf232/status	crazyflie_interfaces/msg/Status	PASS
PASS	topics	/cf233/status	crazyflie_interfaces/msg/Status	PASS
PASS	topics	/spare_CF05/status	crazyflie_interfaces/msg/Status	PASS
PASS	topics	/spare_CF06/status	crazyflie_interfaces/msg/Status	PASS
PASS	topics	/spare_CF07/status	crazyflie_interfaces/msg/Status	PASS
PASS	topics	/spare_CF08/status	crazyflie_interfaces/msg/Status	PASS
PASS	topics	/spare_CF09/status	crazyflie_interfaces/msg/Status	PASS
PASS	topics	/spare_CF10/status	crazyflie_interfaces/msg/Status	PASS
PASS	topics	/limo_a/odom	nav_msgs/msg/Odometry	PASS
PASS	topics	/limo_b/odom	nav_msgs/msg/Odometry	PASS
PASS	topics	/limo_c/odom	nav_msgs/msg/Odometry	PASS
PASS	topics	/limo_d/odom	nav_msgs/msg/Odometry	PASS
PASS	topics	/limo_a/limo_status	crazyflie_interfaces/msg/Status	PASS
PASS	topics	/limo_b/limo_status	crazyflie_interfaces/msg/Status	PASS
PASS	topics	/limo_c/limo_status	crazyflie_interfaces/msg/Status	PASS
PASS	topics	/limo_d/limo_status	crazyflie_interfaces/msg/Status	PASS
PASS	topics	/aideck/cf230/image_annotated/compressed	sensor_msgs/msg/CompressedImage	PASS
PASS	topics	/aideck/cf231/image_annotated/compressed	sensor_msgs/msg/CompressedImage	PASS
PASS	topics	/aideck/cf232/image_annotated/compressed	sensor_msgs/msg/CompressedImage	PASS
PASS	topics	/aideck/cf233/image_annotated/compressed	sensor_msgs/msg/CompressedImage	PASS
PASS	topics	/aideck/cf230/fps	std_msgs/msg/Float32	PASS
PASS	topics	/aideck/cf231/fps	std_msgs/msg/Float32	PASS
PASS	topics	/aideck/cf232/fps	std_msgs/msg/Float32	PASS
PASS	topics	/aideck/cf233/fps	std_msgs/msg/Float32	PASS
PASS	topics	/aideck/cf230/stream_ok	std_msgs/msg/Bool	PASS
PASS	topics	/aideck/cf231/stream_ok	std_msgs/msg/Bool	PASS
PASS	topics	/aideck/cf232/stream_ok	std_msgs/msg/Bool	PASS
PASS	topics	/aideck/cf233/stream_ok	std_msgs/msg/Bool	PASS
PASS	topics	/cf230/marker_detections	coshow_interfaces/msg/MarkerDetections	PASS
PASS	topics	/cf231/marker_detections	coshow_interfaces/msg/MarkerDetections	PASS
PASS	topics	/cf232/marker_detections	coshow_interfaces/msg/MarkerDetections	PASS
PASS	topics	/cf233/marker_detections	coshow_interfaces/msg/MarkerDetections	PASS
PASS	topics	/coshow/mission_state	std_msgs/msg/String	PASS
PASS	topics	/preflight/ready	std_msgs/msg/Bool	PASS
PASS	topics	/preflight/status	std_msgs/msg/String	PASS
PASS	services	/cf230/land	crazyflie_interfaces/srv/Land	PASS
PASS	services	/cf231/land	crazyflie_interfaces/srv/Land	PASS
PASS	services	/cf232/land	crazyflie_interfaces/srv/Land	PASS
PASS	services	/cf233/land	crazyflie_interfaces/srv/Land	PASS
PASS	services	/cf230/arm	crazyflie_interfaces/srv/Arm	PASS
PASS	services	/cf231/arm	crazyflie_interfaces/srv/Arm	PASS
PASS	services	/cf232/arm	crazyflie_interfaces/srv/Arm	PASS
PASS	services	/cf233/arm	crazyflie_interfaces/srv/Arm	PASS
PASS	actions	/limo_a/navigate_to_pose	nav2_msgs/action/NavigateToPose	PASS
PASS	actions	/limo_b/navigate_to_pose	nav2_msgs/action/NavigateToPose	PASS
PASS	nodes	crazyflie_server	None	PASS
PASS	nodes	aideck_aruco_node	None	PASS
PASS	nodes	preflight	None	PASS
PASS	nodes	space_bt_bridge	None	PASS

EXIT CODE: 0
