node --test dashboard/tests/test_visitor_model.mjs dashboard/tests/test_visitor_ws.mjs
✔ run overrides phase, external observation bypasses only idle guard (0.706958ms)
✔ stale mission and disconnect clear phase signal; DONE keeps completion (0.065666ms)
✔ labels count configured searchers and phase color comes only from led (0.107667ms)
✔ finder uses display name and interest badges exclude unrelated detections (0.775417ms)
✔ elapsed uses server seconds, unknown data never becomes zero (0.090584ms)
✔ missing display name warns once per identifier (0.060458ms)
✔ LIMO goal uses the last reported nav command, never an inferred position (0.101ms)
✔ initial open socket without state reconnects (hello=false) (22.890084ms)
✔ initial open socket without state reconnects (hello=true) (0.205875ms)
✔ newly opened reconnect gets its own state deadline despite old stale state (0.1915ms)
✔ a state received at monotonic zero still has a watchdog deadline (0.129125ms)
✔ hello is required again after reconnect; obsolete sockets cannot refresh it (0.173416ms)
✔ stop closes the socket and prevents watchdog or retry work (0.125292ms)
ℹ tests 13
ℹ suites 0
ℹ pass 13
ℹ fail 0
ℹ cancelled 0
ℹ skipped 0
ℹ todo 0
ℹ duration_ms 90.202542
