✔ binary JPEG drops while busy, resizes to decoded dimensions, draws and closes (1.54825ms)
✔ disposed decoder closes late bitmap without touching detached canvas (0.151333ms)
✔ failed decoding frees its slot and overlay distinguishes never received from stale (0.202625ms)
✔ field bounds follow supplied regions, including renamed and expanded deployment coordinates (1.44075ms)
✔ diagonal automatic framing includes every floor and altitude corner at portrait and wide aspects (0.772583ms)
✔ trail memory remains fixed over a simulated 30 minute stream and expires after ten seconds (1.854333ms)
✔ wrapped trail emits chronological adjacent segments without joining the newest to oldest (0.101333ms)
✔ pose interpolation starts immediately, reaches the new sample and takes the short yaw arc (0.122166ms)
✔ an invalid or missing pose never erases the last received position (0.063042ms)
✔ freshness ages between packets, removes altitude stems, and suppresses stale LED signals (0.098125ms)
✔ run and connection priority ignore mission LEDs while DONE can retain the last mission (0.079708ms)
✔ spare placement uses supplied pitch and bounds and never pretends a missing pose is fresh (0.137042ms)
✔ discovery ring and return floor wash fire once and reset only for a new run (0.171709ms)
✔ run overrides phase, external observation bypasses only idle guard (0.775375ms)
✔ stale mission and disconnect clear phase signal; DONE keeps completion (0.061958ms)
✔ labels count configured searchers and phase color comes only from led (0.12275ms)
✔ finder uses display name and interest badges exclude unrelated detections (0.756792ms)
✔ observer and marker range follow hello even when lanes and IDs change (0.078333ms)
✔ elapsed uses server seconds, unknown data never becomes zero (0.059292ms)
✔ missing display name warns once per identifier (0.409875ms)
✔ LIMO goal uses the last reported nav command, never an inferred position (0.133291ms)
✔ binary forwarding strips index and ignores frames before hello (22.27975ms)
✔ initial open socket without state reconnects (hello=false) (0.332875ms)
✔ initial open socket without state reconnects (hello=true) (0.150792ms)
✔ newly opened reconnect gets its own state deadline despite old stale state (0.180042ms)
✔ a state received at monotonic zero still has a watchdog deadline (0.16675ms)
✔ hello is required again after reconnect; obsolete sockets cannot refresh it (0.180167ms)
✔ stop closes the socket and prevents watchdog or retry work (0.095458ms)
ℹ tests 28
ℹ suites 0
ℹ pass 28
ℹ fail 0
ℹ cancelled 0
ℹ skipped 0
ℹ todo 0
ℹ duration_ms 92.370167
