$ ros2 topic list -t
/aideck/cf230/fps [std_msgs/msg/Float32]
/aideck/cf230/image_annotated/compressed [sensor_msgs/msg/CompressedImage]
/aideck/cf230/stream_ok [std_msgs/msg/Bool]
/cf230/marker_detections [coshow_interfaces/msg/MarkerDetections]
/cf230/pose [geometry_msgs/msg/PoseStamped]
/clock [rosgraph_msgs/msg/Clock]
/parameter_events [rcl_interfaces/msg/ParameterEvent]
/rosout [rcl_interfaces/msg/Log]
exit=0
$ ros2 topic info -v /aideck/cf230/image_annotated/compressed
Type: sensor_msgs/msg/CompressedImage

Publisher count: 1

Node name: aruco_detector
Node namespace: /
Topic type: sensor_msgs/msg/CompressedImage
Endpoint type: PUBLISHER
GID: 01.0f.eb.7d.5d.06.f1.50.00.00.00.00.00.00.14.03.00.00.00.00.00.00.00.00
QoS profile:
  Reliability: BEST_EFFORT
  History (Depth): UNKNOWN
  Durability: VOLATILE
  Lifespan: Infinite
  Deadline: Infinite
  Liveliness: AUTOMATIC
  Liveliness lease duration: Infinite

Subscription count: 1

Node name: m4_images_observer
Node namespace: /
Topic type: sensor_msgs/msg/CompressedImage
Endpoint type: SUBSCRIPTION
GID: 01.0f.eb.7d.51.06.61.7a.00.00.00.00.00.00.11.04.00.00.00.00.00.00.00.00
QoS profile:
  Reliability: BEST_EFFORT
  History (Depth): UNKNOWN
  Durability: VOLATILE
  Lifespan: Infinite
  Deadline: Infinite
  Liveliness: AUTOMATIC
  Liveliness lease duration: Infinite

exit=0
$ ros2 topic info -v /aideck/cf230/fps
Type: std_msgs/msg/Float32

Publisher count: 1

Node name: aruco_detector
Node namespace: /
Topic type: std_msgs/msg/Float32
Endpoint type: PUBLISHER
GID: 01.0f.eb.7d.5d.06.f1.50.00.00.00.00.00.00.15.03.00.00.00.00.00.00.00.00
QoS profile:
  Reliability: RELIABLE
  History (Depth): UNKNOWN
  Durability: VOLATILE
  Lifespan: Infinite
  Deadline: Infinite
  Liveliness: AUTOMATIC
  Liveliness lease duration: Infinite

Subscription count: 1

Node name: m4_images_observer
Node namespace: /
Topic type: std_msgs/msg/Float32
Endpoint type: SUBSCRIPTION
GID: 01.0f.eb.7d.51.06.61.7a.00.00.00.00.00.00.12.04.00.00.00.00.00.00.00.00
QoS profile:
  Reliability: RELIABLE
  History (Depth): UNKNOWN
  Durability: VOLATILE
  Lifespan: Infinite
  Deadline: Infinite
  Liveliness: AUTOMATIC
  Liveliness lease duration: Infinite

exit=0
$ ros2 topic info -v /aideck/cf230/stream_ok
Type: std_msgs/msg/Bool

Publisher count: 1

Node name: aruco_detector
Node namespace: /
Topic type: std_msgs/msg/Bool
Endpoint type: PUBLISHER
GID: 01.0f.eb.7d.5d.06.f1.50.00.00.00.00.00.00.16.03.00.00.00.00.00.00.00.00
QoS profile:
  Reliability: RELIABLE
  History (Depth): UNKNOWN
  Durability: VOLATILE
  Lifespan: Infinite
  Deadline: Infinite
  Liveliness: AUTOMATIC
  Liveliness lease duration: Infinite

Subscription count: 1

Node name: m4_images_observer
Node namespace: /
Topic type: std_msgs/msg/Bool
Endpoint type: SUBSCRIPTION
GID: 01.0f.eb.7d.51.06.61.7a.00.00.00.00.00.00.13.04.00.00.00.00.00.00.00.00
QoS profile:
  Reliability: RELIABLE
  History (Depth): UNKNOWN
  Durability: VOLATILE
  Lifespan: Infinite
  Deadline: Infinite
  Liveliness: AUTOMATIC
  Liveliness lease duration: Infinite

exit=0
$ ros2 topic echo --once /aideck/cf230/fps
data: 9.985042572021484
---
exit=0
$ ros2 topic echo --once /aideck/cf230/stream_ok
data: true
---
exit=0
$ ros2 topic echo --once /aideck/cf230/stream_ok # input stopped
data: false
---
exit=0
