✔ field bounds follow supplied regions, including renamed and expanded deployment coordinates (1.537625ms)
✔ visitor role selection comes only from hello and never observes spare telemetry (0.136834ms)
✔ a high refresh rate display cannot request more than sixty rendered frames per second (0.829417ms)
✔ diagonal automatic framing includes every floor and altitude corner at portrait and wide aspects (0.39675ms)
✔ trail memory remains fixed over a simulated 30 minute stream and expires after ten seconds (1.86575ms)
✔ wrapped trail emits chronological adjacent segments without joining the newest to oldest (0.113125ms)
✔ pose interpolation starts immediately, reaches the new sample and takes the short yaw arc (0.131583ms)
✔ an invalid or missing pose never erases the last received position (0.125667ms)
✔ freshness ages between packets, removes altitude stems, and suppresses stale LED signals (0.14225ms)
✔ run and connection priority ignore mission LEDs while DONE can retain the last mission (0.126625ms)
✔ an assigned role with a missing pose remains translucent without an altitude stem (0.062542ms)
✔ discovery ring and return floor wash fire once and reset only for a new run (0.122417ms)
ℹ tests 12
ℹ suites 0
ℹ pass 12
ℹ fail 0
ℹ cancelled 0
ℹ skipped 0
ℹ todo 0
ℹ duration_ms 82.122458
