✔ every run state follows command table and LANDING defeats retry timeout (1.309375ms)
✔ snapshot ack ignores history and matches only the pending command (0.196625ms)
✔ binary JPEG drops while busy, resizes to decoded dimensions, draws and closes (1.570625ms)
✔ disposed decoder closes late bitmap without touching detached canvas (0.160958ms)
✔ failed decoding frees its slot and overlay distinguishes never received from stale (0.215625ms)
✔ binary forwarding strips index and ignores frames before hello (22.760666ms)
✔ initial open socket without state reconnects (hello=false) (0.260583ms)
✔ initial open socket without state reconnects (hello=true) (0.158667ms)
✔ newly opened reconnect gets its own state deadline despite old stale state (0.206958ms)
✔ a state received at monotonic zero still has a watchdog deadline (0.163583ms)
✔ hello is required again after reconnect; obsolete sockets cannot refresh it (0.172625ms)
✔ stop closes the socket and prevents watchdog or retry work (0.116667ms)
✔ admin loses controls immediately on close and at 1.5 seconds without state (0.1765ms)
✔ admin expires exactly 1.5 seconds after an off-grid state receipt (0.131084ms)
✔ admin state refresh replaces the expiry timer and stop cancels it (0.129208ms)
✔ admin send rejects an expired state even when browser timers have not run (0.108875ms)
✔ admin initial state deadline starts at an off-grid socket open (0.069667ms)
✔ visitor cannot send commands even on an active socket (0.072791ms)
ℹ tests 18
ℹ suites 0
ℹ pass 18
ℹ fail 0
ℹ cancelled 0
ℹ skipped 0
ℹ todo 0
ℹ duration_ms 92.87575
