dashboard/tests/test_runner.py::test_reconfigure_reloads_current_safety_settings_and_rejects_missing_values
dashboard/tests/test_runner.py::test_reconfigure_cannot_change_inflight_safety_thresholds[CHECKING]
dashboard/tests/test_runner.py::test_reconfigure_cannot_change_inflight_safety_thresholds[READY]
dashboard/tests/test_runner.py::test_reconfigure_cannot_change_inflight_safety_thresholds[RUNNING]
dashboard/tests/test_runner.py::test_reconfigure_cannot_change_inflight_safety_thresholds[LANDING]
dashboard/tests/test_runner.py::test_reconfigure_cannot_change_inflight_safety_thresholds[DONE]
dashboard/tests/test_runner.py::test_reconfigure_cannot_change_inflight_safety_thresholds[ABORTED]
dashboard/tests/test_runner.py::test_reconfigure_requires_idle_process_and_task_state[live_child]
dashboard/tests/test_runner.py::test_reconfigure_requires_idle_process_and_task_state[launch]
dashboard/tests/test_runner.py::test_reconfigure_requires_idle_process_and_task_state[landing]
dashboard/tests/test_runner.py::test_reconfigure_requires_idle_process_and_task_state[closing]
dashboard/tests/test_runner.py::test_entire_command_acceptance_table[preflight-IDLE]
dashboard/tests/test_runner.py::test_entire_command_acceptance_table[preflight-CHECKING]
dashboard/tests/test_runner.py::test_entire_command_acceptance_table[preflight-READY]
dashboard/tests/test_runner.py::test_entire_command_acceptance_table[preflight-RUNNING]
dashboard/tests/test_runner.py::test_entire_command_acceptance_table[preflight-LANDING]
dashboard/tests/test_runner.py::test_entire_command_acceptance_table[preflight-DONE]
dashboard/tests/test_runner.py::test_entire_command_acceptance_table[preflight-ABORTED]
dashboard/tests/test_runner.py::test_entire_command_acceptance_table[start-IDLE]
dashboard/tests/test_runner.py::test_entire_command_acceptance_table[start-CHECKING]
dashboard/tests/test_runner.py::test_entire_command_acceptance_table[start-READY]
dashboard/tests/test_runner.py::test_entire_command_acceptance_table[start-RUNNING]
dashboard/tests/test_runner.py::test_entire_command_acceptance_table[start-LANDING]
dashboard/tests/test_runner.py::test_entire_command_acceptance_table[start-DONE]
dashboard/tests/test_runner.py::test_entire_command_acceptance_table[start-ABORTED]
dashboard/tests/test_runner.py::test_entire_command_acceptance_table[estop-IDLE]
dashboard/tests/test_runner.py::test_entire_command_acceptance_table[estop-CHECKING]
dashboard/tests/test_runner.py::test_entire_command_acceptance_table[estop-READY]
dashboard/tests/test_runner.py::test_entire_command_acceptance_table[estop-RUNNING]
dashboard/tests/test_runner.py::test_entire_command_acceptance_table[estop-LANDING]
dashboard/tests/test_runner.py::test_entire_command_acceptance_table[estop-DONE]
dashboard/tests/test_runner.py::test_entire_command_acceptance_table[estop-ABORTED]
dashboard/tests/test_runner.py::test_entire_command_acceptance_table[reset-IDLE]
dashboard/tests/test_runner.py::test_entire_command_acceptance_table[reset-CHECKING]
dashboard/tests/test_runner.py::test_entire_command_acceptance_table[reset-READY]
dashboard/tests/test_runner.py::test_entire_command_acceptance_table[reset-RUNNING]
dashboard/tests/test_runner.py::test_entire_command_acceptance_table[reset-LANDING]
dashboard/tests/test_runner.py::test_entire_command_acceptance_table[reset-DONE]
dashboard/tests/test_runner.py::test_entire_command_acceptance_table[reset-ABORTED]
dashboard/tests/test_runner.py::test_start_claims_state_before_spawn_and_survives_request_cancellation
dashboard/tests/test_runner.py::test_start_rechecks_blocking_rows_and_reports_exact_abort_reason
dashboard/tests/test_runner.py::test_estop_order_one_sigint_roles_only_and_fresh_low_disarm
dashboard/tests/test_runner.py::test_stubborn_bt_is_killed_after_deadline_without_second_sigint
dashboard/tests/test_runner.py::test_any_unrequested_bt_exit_while_running_falls_back_to_land_cancel_disarm[0]
dashboard/tests/test_runner.py::test_any_unrequested_bt_exit_while_running_falls_back_to_land_cancel_disarm[1]
dashboard/tests/test_runner.py::test_any_unrequested_bt_exit_while_running_falls_back_to_land_cancel_disarm[-6]
dashboard/tests/test_runner.py::test_requested_sigabrt_exit_is_info_and_not_last_error
dashboard/tests/test_runner.py::test_preflight_death_stops_live_bt_before_direct_land
dashboard/tests/test_runner.py::test_initial_false_is_checking_but_true_to_false_aborts
dashboard/tests/test_runner.py::test_done_disarms_without_stopping_bt_and_self_exit_preserves_done
dashboard/tests/test_runner.py::test_reset_clears_mission_caches_but_keeps_live_telemetry
dashboard/tests/test_runner.py::test_cancel_timeout_and_missing_controls_do_not_stall_sequence
dashboard/tests/test_runner.py::test_shutdown_and_immediate_spawn_estop_share_one_sequence
dashboard/tests/test_runner.py::test_disarm_requires_strict_freshness_and_landed_threshold
dashboard/tests/test_runner.py::test_command_expansion_keeps_role_arrays_one_argument_and_rejects_shell_syntax
dashboard/tests/test_runner.py::test_spawn_options_merge_env_detach_session_and_disable_cores
dashboard/tests/test_runner.py::test_preflight_death_during_bt_spawn_still_signals_new_bt_before_land
dashboard/tests/test_runner.py::test_cancel_wait_is_inside_bt_exit_deadline_not_added_to_it
dashboard/tests/test_runner.py::test_stack_restart_and_flight_commands_cannot_overlap
dashboard/tests/test_runner.py::test_real_process_spawn_core_limit_session_environment_and_requested_sigabrt
dashboard/tests/test_runner.py::test_real_orphan_matching_recovers_owned_pid_and_never_signals_unrelated_pid
dashboard/tests/test_runner.py::test_preflight_coordinate_placeholders_reject_missing_base_without_crashing
dashboard/tests/test_runner.py::test_spawn_failure_does_not_leave_running_and_does_call_direct_fallback
dashboard/tests/test_runner.py::test_unrequested_exit_reports_only_last_twenty_log_lines
dashboard/tests/test_runner.py::test_orphan_recovery_restores_first_sigint_before_reset_without_second_signal
dashboard/tests/test_runner.py::test_sigint_receipt_does_not_apply_to_different_process_identity[pid]
dashboard/tests/test_runner.py::test_sigint_receipt_does_not_apply_to_different_process_identity[argv]
dashboard/tests/test_runner.py::test_sigint_receipt_does_not_apply_to_different_process_identity[identity]
dashboard/tests/test_runner.py::test_sigint_receipt_is_durable_before_signal_delivery
dashboard/tests/test_runner.py::test_landing_progress_has_one_current_sequence_boundary

70 tests collected in 0.01s
