FFF                                                                      [100%]
=================================== FAILURES ===================================
_ test_real_commands_delegate_only_for_admin_and_shutdown_precedes_adapter_close _

    def test_real_commands_delegate_only_for_admin_and_shutdown_precedes_adapter_close():
        async def run():
            app=Dashboard(load_config(mock=True))
            calls=[]
            class Runner:
                async def command(self,cmd):calls.append(cmd);return True,''
                async def close(self):calls.append('runner.close')
            class Adapter:
                async def close(self):calls.append('io.close')
            app.runner=Runner();app.io=Adapter()
            await app.command({'cmd':'preflight'},False)
            assert calls==[]
            await app.command({'cmd':'preflight'},True)
            assert calls==['preflight']
            await app.shutdown(None)
            await app.cleanup(None)
            assert calls.index('runner.close')<calls.index('io.close')
>       asyncio.run(run())

dashboard/tests/test_m5_server.py:25: 
_ _ _ _ _ _ _ _ _ _ _ _ _ _ _ _ _ _ _ _ _ _ _ _ _ _ _ _ _ _ _ _ _ _ _ _ _ _ _ _ 
/usr/lib/python3.10/asyncio/runners.py:44: in run
    return loop.run_until_complete(main)
/usr/lib/python3.10/asyncio/base_events.py:649: in run_until_complete
    return future.result()
_ _ _ _ _ _ _ _ _ _ _ _ _ _ _ _ _ _ _ _ _ _ _ _ _ _ _ _ _ _ _ _ _ _ _ _ _ _ _ _ 

    async def run():
        app=Dashboard(load_config(mock=True))
        calls=[]
        class Runner:
            async def command(self,cmd):calls.append(cmd);return True,''
            async def close(self):calls.append('runner.close')
        class Adapter:
            async def close(self):calls.append('io.close')
        app.runner=Runner();app.io=Adapter()
        await app.command({'cmd':'preflight'},False)
        assert calls==[]
        await app.command({'cmd':'preflight'},True)
>       assert calls==['preflight']
E       AssertionError: assert [] == ['preflight']
E         Right contains one more item: 'preflight'
E         Full diff:
E         - ['preflight']
E         + []

dashboard/tests/test_m5_server.py:21: AssertionError
______________ test_repeated_noop_commands_each_have_an_ack_event ______________

    def test_repeated_noop_commands_each_have_an_ack_event():
        async def run():
            app=Dashboard(load_config(mock=True),mock=True)
            await app.command({'cmd':'reset'},True)
            await app.command({'cmd':'reset'},True)
            assert sum(e['text']=='cmd:reset accepted' for e in app.store.events)==2
>       asyncio.run(run())

dashboard/tests/test_m5_server.py:33: 
_ _ _ _ _ _ _ _ _ _ _ _ _ _ _ _ _ _ _ _ _ _ _ _ _ _ _ _ _ _ _ _ _ _ _ _ _ _ _ _ 
/usr/lib/python3.10/asyncio/runners.py:44: in run
    return loop.run_until_complete(main)
/usr/lib/python3.10/asyncio/base_events.py:649: in run_until_complete
    return future.result()
_ _ _ _ _ _ _ _ _ _ _ _ _ _ _ _ _ _ _ _ _ _ _ _ _ _ _ _ _ _ _ _ _ _ _ _ _ _ _ _ 

    async def run():
        app=Dashboard(load_config(mock=True),mock=True)
        await app.command({'cmd':'reset'},True)
        await app.command({'cmd':'reset'},True)
>       assert sum(e['text']=='cmd:reset accepted' for e in app.store.events)==2
E       assert 1 == 2
E        +  where 1 = sum(<generator object test_repeated_noop_commands_each_have_an_ack_event.<locals>.run.<locals>.<genexpr> at 0xf55a252025e0>)

dashboard/tests/test_m5_server.py:32: AssertionError
___________ test_admin_settings_are_local_and_preserve_hello_schema ____________

    def test_admin_settings_are_local_and_preserve_hello_schema():
        async def run():
            app=Dashboard(load_config(mock=True),mock=True)
            for request in [SimpleNamespace(remote='10.0.0.2',headers={},scheme='http',host='127.0.0.1'),
                            SimpleNamespace(remote='127.0.0.1',headers={'Origin':'https://elsewhere.invalid'},scheme='http',host='127.0.0.1')]:
                with pytest.raises(web.HTTPForbidden):await app.admin_settings(request)
            response=await app.admin_settings(SimpleNamespace(remote='127.0.0.1',headers={},scheme='http',host='127.0.0.1'))
            assert response.status==200
            assert len(app.cfg.hello())==16
>       asyncio.run(run())

dashboard/tests/test_m5_server.py:44: 
_ _ _ _ _ _ _ _ _ _ _ _ _ _ _ _ _ _ _ _ _ _ _ _ _ _ _ _ _ _ _ _ _ _ _ _ _ _ _ _ 
/usr/lib/python3.10/asyncio/runners.py:44: in run
    return loop.run_until_complete(main)
/usr/lib/python3.10/asyncio/base_events.py:649: in run_until_complete
    return future.result()
_ _ _ _ _ _ _ _ _ _ _ _ _ _ _ _ _ _ _ _ _ _ _ _ _ _ _ _ _ _ _ _ _ _ _ _ _ _ _ _ 

    async def run():
        app=Dashboard(load_config(mock=True),mock=True)
        for request in [SimpleNamespace(remote='10.0.0.2',headers={},scheme='http',host='127.0.0.1'),
                        SimpleNamespace(remote='127.0.0.1',headers={'Origin':'https://elsewhere.invalid'},scheme='http',host='127.0.0.1')]:
>           with pytest.raises(web.HTTPForbidden):await app.admin_settings(request)
E           AttributeError: 'Dashboard' object has no attribute 'admin_settings'

dashboard/tests/test_m5_server.py:40: AttributeError
=========================== short test summary info ============================
FAILED dashboard/tests/test_m5_server.py::test_real_commands_delegate_only_for_admin_and_shutdown_precedes_adapter_close
FAILED dashboard/tests/test_m5_server.py::test_repeated_noop_commands_each_have_an_ack_event
FAILED dashboard/tests/test_m5_server.py::test_admin_settings_are_local_and_preserve_hello_schema
3 failed in 0.14s
