✔ every run state follows command table and LANDING defeats retry timeout (1.372792ms)
✔ snapshot ack ignores history and matches only the pending command (0.208292ms)
✔ binary forwarding strips index and ignores frames before hello (22.776875ms)
✔ initial open socket without state reconnects (hello=false) (0.250667ms)
✔ initial open socket without state reconnects (hello=true) (0.151167ms)
✔ newly opened reconnect gets its own state deadline despite old stale state (0.182542ms)
✔ a state received at monotonic zero still has a watchdog deadline (0.144459ms)
✔ hello is required again after reconnect; obsolete sockets cannot refresh it (0.151833ms)
✔ stop closes the socket and prevents watchdog or retry work (0.106875ms)
✔ admin loses controls immediately on close and at 1.5 seconds without state (0.165708ms)
✔ admin expires exactly 1.5 seconds after an off-grid state receipt (0.131833ms)
✔ admin state refresh replaces the expiry timer and stop cancels it (0.127875ms)
✔ admin send rejects an expired state even when browser timers have not run (0.097125ms)
✔ admin initial state deadline starts at an off-grid socket open (0.072875ms)
✔ visitor cannot send commands even on an active socket (0.059208ms)
ℹ tests 15
ℹ suites 0
ℹ pass 15
ℹ fail 0
ℹ cancelled 0
ℹ skipped 0
ℹ todo 0
ℹ duration_ms 92.563125
