F.                                                                       [100%]
=================================== FAILURES ===================================
_____ test_roster_http_reconnects_and_replacement_cannot_inherit_telemetry _____

tmp_path = PosixPath('/tmp/pytest-of-root/pytest-14/test_roster_http_reconnects_an0')

    def test_roster_http_reconnects_and_replacement_cannot_inherit_telemetry(tmp_path):
        async def run():
            app = make_dashboard(tmp_path)
            old_hash = app.mock_applied_hash
            role = app.cfg.drones[0]
            old_physical = app.cfg.roster[role]
            replacement = dict(app.cfg.roster)
            replacement[role] = next(item['id'] for item in app.cfg.raw['fleet']['drones']
                                     if item['id'] not in replacement.values())
            app.store.receive(role, 'frame', b'old physical frame')
            closed = []
            class Socket:
                async def close(self): closed.append(True)
            app.sockets.add(SimpleNamespaceHashable(ws=Socket()))
            response = await app.fleet_action(request('roster', {'roster': replacement}))
            assert response.status == 200
            assert closed == [True]
            assert not app.store.latest_frames()
            assert all(not value for value in app.store.data.values())
            assert app.cfg.robots[role]['fleet_id'] == replacement[role] != old_physical
            assert app.fleet.generated.roster_hash != old_hash == app.mock_applied_hash
            assert len(app.cfg.hello()) == 16
            assert len(app.cfg.hello()['drones']) == 4 and len(app.cfg.robots) == 14
            assert any(row['blocking'] and not row['ok'] and 'hash' in row['id']
                       for row in app.state()['checklist'])
            app.sockets.clear()
            response = await app.fleet_action(request('restart'))
            assert response.status == 200
            assert app.mock_applied_hash == app.fleet.generated.roster_hash
            assert not app.fleet.children
            await app.cleanup(None)
>       asyncio.run(run())

dashboard/tests/test_m6_server.py:57: 
_ _ _ _ _ _ _ _ _ _ _ _ _ _ _ _ _ _ _ _ _ _ _ _ _ _ _ _ _ _ _ _ _ _ _ _ _ _ _ _ 
/usr/lib/python3.10/asyncio/runners.py:44: in run
    return loop.run_until_complete(main)
/usr/lib/python3.10/asyncio/base_events.py:649: in run_until_complete
    return future.result()
_ _ _ _ _ _ _ _ _ _ _ _ _ _ _ _ _ _ _ _ _ _ _ _ _ _ _ _ _ _ _ _ _ _ _ _ _ _ _ _ 

    async def run():
        app = make_dashboard(tmp_path)
        old_hash = app.mock_applied_hash
        role = app.cfg.drones[0]
        old_physical = app.cfg.roster[role]
        replacement = dict(app.cfg.roster)
        replacement[role] = next(item['id'] for item in app.cfg.raw['fleet']['drones']
                                 if item['id'] not in replacement.values())
        app.store.receive(role, 'frame', b'old physical frame')
        closed = []
        class Socket:
            async def close(self): closed.append(True)
        app.sockets.add(SimpleNamespaceHashable(ws=Socket()))
        response = await app.fleet_action(request('roster', {'roster': replacement}))
        assert response.status == 200
        assert closed == [True]
        assert not app.store.latest_frames()
        assert all(not value for value in app.store.data.values())
        assert app.cfg.robots[role]['fleet_id'] == replacement[role] != old_physical
        assert app.fleet.generated.roster_hash != old_hash == app.mock_applied_hash
        assert len(app.cfg.hello()) == 16
        assert len(app.cfg.hello()['drones']) == 4 and len(app.cfg.robots) == 14
>       assert any(row['blocking'] and not row['ok'] and 'hash' in row['id']
                   for row in app.state()['checklist'])
E       assert False
E        +  where False = any(<generator object test_roster_http_reconnects_and_replacement_cannot_inherit_telemetry.<locals>.run.<locals>.<genexpr> at 0xe1555360e420>)

dashboard/tests/test_m6_server.py:49: AssertionError
=========================== short test summary info ============================
FAILED dashboard/tests/test_m6_server.py::test_roster_http_reconnects_and_replacement_cannot_inherit_telemetry
1 failed, 1 passed in 0.12s
