node --version && node --test dashboard/tests/test_*.mjs
v26.3.0
✔ every run state follows command table and LANDING defeats retry timeout (1.392292ms)
✔ snapshot ack ignores history and matches only the pending command (0.257791ms)
✔ binary JPEG drops while busy, resizes to decoded dimensions, draws and closes (1.460834ms)
✔ disposed decoder closes late bitmap without touching detached canvas (0.114709ms)
✔ failed decoding frees its slot and overlay distinguishes never received from stale (0.178917ms)
✔ fleet writes stay locked until fresh settings load, including initial state delivery (3.116584ms)
✔ reconnect reload discards the old roster confirmation and uses the new physical assignment (2.742458ms)
✔ an older settings response cannot overwrite a newer hello reload (0.698209ms)
✔ failed settings refresh keeps writes locked and late events cannot submit outside IDLE (0.550625ms)
✔ leaving IDLE closes an open review and rejects a queued confirmation event (1.254916ms)
✔ a recommendation from before reconnect cannot replace the freshly loaded roster draft (2.202583ms)
✔ field bounds follow supplied regions, including renamed and expanded deployment coordinates (1.338125ms)
✔ visitor role selection comes only from hello and never observes spare telemetry (0.084166ms)
✔ a high refresh rate display cannot request more than sixty rendered frames per second (0.579ms)
✔ labels colliding at the same projected pose occupy separate stable rows without moving their anchors (0.737458ms)
✔ labels near every frame edge remain within the scene above the reserved narrative (0.311334ms)
✔ diagonal automatic framing includes every floor and altitude corner at portrait and wide aspects (0.430083ms)
✔ trail memory remains fixed over a simulated 30 minute stream and expires after ten seconds (3.22875ms)
✔ wrapped trail emits chronological adjacent segments without joining the newest to oldest (0.118375ms)
✔ pose interpolation starts immediately, reaches the new sample and takes the short yaw arc (0.140792ms)
✔ an invalid or missing pose never erases the last received position (0.102542ms)
✔ freshness ages between packets, removes altitude stems, and suppresses stale LED signals (0.106042ms)
✔ run and connection priority ignore mission LEDs while DONE can retain the last mission (0.073292ms)
✔ an assigned role with a missing pose remains translucent without an altitude stem (0.05675ms)
✔ discovery ring and return floor wash fire once and reset only for a new run (0.096333ms)
✔ run overrides phase, external observation bypasses only idle guard (0.764417ms)
✔ stale mission and disconnect clear phase signal; DONE keeps completion (0.075167ms)
✔ labels count configured searchers and phase color comes only from led (0.125709ms)
✔ finder uses display name and interest badges exclude unrelated detections (0.654542ms)
✔ observer and marker range follow hello even when lanes and IDs change (0.061208ms)
✔ elapsed uses server seconds, unknown data never becomes zero (0.052583ms)
✔ missing display name warns once per identifier (0.05125ms)
✔ LIMO goal uses the last reported nav command, never an inferred position (0.77375ms)
✔ binary forwarding strips index and ignores frames before hello (24.566834ms)
✔ initial open socket without state reconnects (hello=false) (0.339541ms)
✔ initial open socket without state reconnects (hello=true) (0.235417ms)
✔ newly opened reconnect gets its own state deadline despite old stale state (0.215709ms)
✔ a state received at monotonic zero still has a watchdog deadline (0.160375ms)
✔ hello is required again after reconnect; obsolete sockets cannot refresh it (0.156791ms)
✔ stop closes the socket and prevents watchdog or retry work (0.10425ms)
✔ admin loses controls immediately on close and at 1.5 seconds without state (0.175542ms)
✔ admin expires exactly 1.5 seconds after an off-grid state receipt (0.141125ms)
✔ admin state refresh replaces the expiry timer and stop cancels it (0.134ms)
✔ admin send rejects an expired state even when browser timers have not run (0.105834ms)
✔ admin initial state deadline starts at an off-grid socket open (0.077625ms)
✔ visitor cannot send commands even on an active socket (0.060208ms)
ℹ tests 46
ℹ suites 0
ℹ pass 46
ℹ fail 0
ℹ cancelled 0
ℹ skipped 0
ℹ todo 0
ℹ duration_ms 108.314875

EXIT_CODE=0

