✔ every run state follows command table and LANDING defeats retry timeout (1.33175ms)
✔ snapshot ack ignores history and matches only the pending command (0.209333ms)
✔ binary JPEG drops while busy, resizes to decoded dimensions, draws and closes (1.427083ms)
✔ disposed decoder closes late bitmap without touching detached canvas (0.123583ms)
✔ failed decoding frees its slot and overlay distinguishes never received from stale (0.175833ms)
✔ fleet writes stay locked until fresh settings load, including initial state delivery (3.513583ms)
✔ reconnect reload discards the old roster confirmation and uses the new physical assignment (1.747125ms)
✔ an older settings response cannot overwrite a newer hello reload (1.419792ms)
✔ failed settings refresh keeps writes locked and late events cannot submit outside IDLE (0.685042ms)
✔ leaving IDLE closes an open review and rejects a queued confirmation event (0.923833ms)
✔ a recommendation from before reconnect cannot replace the freshly loaded roster draft (0.913167ms)
✔ field bounds follow supplied regions, including renamed and expanded deployment coordinates (1.415625ms)
✔ visitor role selection comes only from hello and never observes spare telemetry (0.089125ms)
✔ a high refresh rate display cannot request more than sixty rendered frames per second (0.659916ms)
✔ labels colliding at the same projected pose occupy separate stable rows without moving their anchors (0.359625ms)
✔ labels near every frame edge remain within the scene above the reserved narrative (0.082416ms)
✔ diagonal automatic framing includes every floor and altitude corner at portrait and wide aspects (0.337209ms)
✔ trail memory remains fixed over a simulated 30 minute stream and expires after ten seconds (2.099792ms)
✔ wrapped trail emits chronological adjacent segments without joining the newest to oldest (0.119958ms)
✔ pose interpolation starts immediately, reaches the new sample and takes the short yaw arc (0.150083ms)
✔ an invalid or missing pose never erases the last received position (0.102708ms)
✔ freshness ages between packets, removes altitude stems, and suppresses stale LED signals (0.112208ms)
✔ run and connection priority ignore mission LEDs while DONE can retain the last mission (0.075916ms)
✔ an assigned role with a missing pose remains translucent without an altitude stem (0.0525ms)
✔ discovery ring and return floor wash fire once and reset only for a new run (0.09875ms)
✔ run overrides phase, external observation bypasses only idle guard (0.897958ms)
✔ stale mission and disconnect clear phase signal; DONE keeps completion (0.27475ms)
✔ labels count configured searchers and phase color comes only from led (0.181833ms)
✔ finder uses display name and interest badges exclude unrelated detections (0.724917ms)
✔ observer and marker range follow hello even when lanes and IDs change (0.072958ms)
✔ elapsed uses server seconds, unknown data never becomes zero (0.057208ms)
✔ missing display name warns once per identifier (0.0575ms)
✔ LIMO goal uses the last reported nav command, never an inferred position (0.531333ms)
✔ binary forwarding strips index and ignores frames before hello (23.534083ms)
✔ initial open socket without state reconnects (hello=false) (0.231542ms)
✔ initial open socket without state reconnects (hello=true) (0.135792ms)
✔ newly opened reconnect gets its own state deadline despite old stale state (0.180875ms)
✔ a state received at monotonic zero still has a watchdog deadline (0.148834ms)
✔ hello is required again after reconnect; obsolete sockets cannot refresh it (0.147625ms)
✔ stop closes the socket and prevents watchdog or retry work (0.102125ms)
✔ admin loses controls immediately on close and at 1.5 seconds without state (0.182583ms)
✔ admin expires exactly 1.5 seconds after an off-grid state receipt (0.150958ms)
✔ admin state refresh replaces the expiry timer and stop cancels it (0.166208ms)
✔ admin send rejects an expired state even when browser timers have not run (0.092875ms)
✔ admin initial state deadline starts at an off-grid socket open (0.080083ms)
✔ visitor cannot send commands even on an active socket (0.06525ms)
ℹ tests 46
ℹ suites 0
ℹ pass 46
ℹ fail 0
ℹ cancelled 0
ℹ skipped 0
ℹ todo 0
ℹ duration_ms 99.075709
