Final M8 tested source SHA256 (REPORTS excluded to avoid self-reference)
BASE_HEAD 4a9d0218120095bb8f9945bd7d47c8f6363ff5eb
8798a67303d5591f761d71a1b0aff1dac943d0e5bd45427e223fec55c0d0270d  dashboard/.gitignore
fe68e896a0bd62a622e91ce9935eb62a1e9e5d6bb0adee83e082bc5d97170d08  dashboard/Design.md
367ca7a3dff3579c3bcb6d6dac8568c245a3f5cfd1028ac2bd20aef8c53306a0  dashboard/IMPLEMENTATION_PLAN.md
6ae7e2130582e713aaafdd51a59653a6693ea2ac3b954214007c8e78785e2815  dashboard/README.md
7eae57a957cf4402a5026253fd363eb81f07c85251c354029965388fe6fb8e5e  dashboard/checklist.py
f4e99557301237149e5a1e8d947ca5f6e7ad92b10f7f4d5af6e99c5690a9f9f8  dashboard/config.py
c092295b5f7c18b4b93993674c079d71249e0c34e0ba7ed1f43565ad6f9bb40c  dashboard/config/dashboard.yaml
79da0be44daefa09d81c9fee405ac35dd1ddc27f1fb22413aee70c8704046dfd  dashboard/config/field.yaml
40528ad8186783453dc77813c571a38269b3c51eee6518c669b3d0188e4ee646  dashboard/design/apple-reference.md
a72acc3824056e0281a9f0ff72cfc592e87d74af33f297c91ff8fb32cc341344  dashboard/docker/Dockerfile
c12419aea1ea9bd868b89bddd8161818e30d9478f73df4f1c6caa47e66b975d5  dashboard/docker/entry.sh
6bee0e4d35126ef188748b4c662271a05ca7e7072092b1afe058d928910acd76  dashboard/docker/run.sh
296fcda27853e4f01909f5e78ae9e380367fedd52f73dfae18000b36c752920d  dashboard/docs/stage_a.md
488bf88fce73cfdf5cf2f6f0e3ed78968d98640a28ba5d0fa000c449ba5680be  dashboard/docs/stage_b.md
06d358c2d4029002511cb4e89ffce541b531e26c62c2f3aac580c77eb46c6348  dashboard/docs/stage_c.md
62544e52fe04b46afb9acf2ddb82f0511f653c91c4f15a45918769ba16d1b236  dashboard/docs/stage_d.md
ec57b6723a27088f9cbe265db65e387a037157d2fe98c9751823bd72854c6638  dashboard/fleet.py
bd11f8fa84d0f76b060d9f722a06ce4b9a3004189fd7e436f07340df2d83a41e  dashboard/install.sh
2c9957950442e043ed03f6f4060f035e506022fa25706851adf3d8d42a0dea35  dashboard/kiosk.sh
86c04b8538ec0b02baef1f45c8e944d618f491c57821ae899a8d8684f3df14a1  dashboard/lanes.py
10e2f91269b55fc760098dffdffd3dabf2e5f12eea72e4dcaac49975fbfa6453  dashboard/mock.py
a3b32fbabad11a7f6152fe2efdb3b3a4db5a969fbce1f2713e0188cbdd53b4c3  dashboard/pinger.py
d34c1da5cb1a2e33efa3f17013e67fe4c1ca0cb7f2bb69cc39007303f626b839  dashboard/ros_io.py
05ea94f190e1e77a83843be50a11e3eda320a148156ee5a5f13abcf61c7ddfac  dashboard/run.sh
a722c566d06a4ebcf7a50914beef6cd052f5a3dbd141d4f111c83b51daaa28b6  dashboard/runner.py
da8e97e666c728dbcc350de65265c2afdd37d24359d49b3af65333f2f53d26bd  dashboard/server.py
7667bcb1b1c2d1475bbfa4a944f9353dbc88176d628eb15b7e30a65153c35750  dashboard/state.py
4087d5c0b0aec5cfba72c40a0e0f7760fb0e6d88130d1de49daa86b2ee172fe9  dashboard/static/VENDOR.md
a07f4e9e5bd214be7120ac34e67eda75d12e9cb4294d4338dc911a3da4035ed2  dashboard/static/admin.html
0a70791cfdadbb61e4099ce670eafb3bb4daadbdc6ba5ac818c911e58198026f  dashboard/static/css/admin.css
ff340b4b6a1058b533bd35b9b9f06a559864ba2e159bf6722839284d6dd3cfbd  dashboard/static/css/glass.css
d31ddd9f2bed32fd7e302a205cf2380ba0de6529152d239ef99cfb6f261bfc04  dashboard/static/fonts/Pretendard-OFL-1.1.txt
9599f12fd42fc0bce1cd50b47a0c022e108d7aa64dd0d1bb0ed44f3282d900b4  dashboard/static/fonts/PretendardVariable.woff2
31986cffe530528e53534d31937724953e7df71b605c361fdae573286ab7a4eb  dashboard/static/js/admin-model.js
a223e72f9339b85ba3bd17609e953ab9d718a1e2fcddb5530f09b9f87a249cf6  dashboard/static/js/admin.js
8c316c4a8974882e2a28eec85d4268000d4cb01f7fca878c15468bac96cea121  dashboard/static/js/camera.js
eede788031efd1b8aaa5e713a6cd35e2a94ac2e2e62a0919ea4d9e73f905e6a7  dashboard/static/js/fleet-ui.js
a0053765aa2c579737b024a81f097d6cfe637d842968d94a9f298917e7aa13ea  dashboard/static/js/twin-model.js
f3362f1b9853d15c7831572d118cb81906c1bbc8338a40e8aafb87e24d942196  dashboard/static/js/twin.js
351fd0c75425402a15d2b6d60d169546cda77b59c46c219bcfefeeae1b0af920  dashboard/static/js/view-model.js
4d98bf1f2add3ec60c4c0001f9327206ee3c50693adddfb6355c898c2d3f45ca  dashboard/static/js/visitor.js
0bc4f813711c47400f08e8c4e3de67fd319cb797e4972909162231acc5a6e6e4  dashboard/static/js/ws.js
81026f49abcbc1756513574417e86566582c033be3e05f717cc36bca84dbb8e8  dashboard/static/mock/camera.jpg
8b378ebe60e2fe500158cb0ac71cb5e8b7d92953c2abcc63a0eb90499653b5bc  dashboard/static/vendor/Three-MIT.txt
9edde002b066a9a05676a6127f67735b62baf399bdea529f2f7e31657da769e6  dashboard/static/vendor/three.core.js
9052042d676cb0fdc1ddfefe193053f34b7ac0513a616fdac4535d49987812ea  dashboard/static/vendor/three.module.js
9796ab98491a845e92b2960b1ff4514809c41e09a6812ff33190d4a5dda538bb  dashboard/static/visitor.html
62fb144318f1bdfcbf6630e25407af8e1c204ef8438fc1d723ec8fd9eb31936a  dashboard/tests/analyze_stage.py
8e7e2d7c2d3ff144d8612fdf3ff4b610014c29901dd8bf56188087e5ddbc7c0a  dashboard/tests/conftest.py
0ffafa9dc423a0d215d96b7b4f864a0d31a80a83c59102457ba5fa4fa9602552  dashboard/tests/diagnose_bt_exit.py
0e1d259d618e3d728b7163dcd5fb70907596d41229c544abf5cf24addf909e89  dashboard/tests/fake_ros_world.py
bc1f53802d8bbcddc0def66b01dcab68e6e1b7bdf33d667da4853d61b636b31a  dashboard/tests/measure_m3_peak_contrast.mjs
e193339c280bb0c62d45a3f2826694df7aacbc5815f4d09e3f4e0a6963dc6bf5  dashboard/tests/probe_m2.py
9666a915dee9a646bd53e59d6a2544e944ffcdc71a73ad8cbb9e5daaf6271e09  dashboard/tests/stage_a_expectations.md
0d77c2711e6668ac37a070b99c7eb12b0de18bbab9f37892ee41d2db1456b413  dashboard/tests/stage_b_expectations.md
e79683430ab7bdac8139b58199e092bfba6f7f32e0c28eca227595b6a02538ac  dashboard/tests/stage_c_expectations.md
bdf6b1fed9f108e6c54a60844b0a6f8997172c6f0bf7be527aa13be59602c572  dashboard/tests/stage_d_checklist.md
9585b6707aa997aa2f2991ed5b7db331abf639a8541c33e245815e79beb7e2f6  dashboard/tests/stage_probe.py
696396c4d2cecbc99f4be34d98c134a380fa37896e7baed4579a595119f15493  dashboard/tests/test_admin_model.mjs
32d089e7d1c206c1eee2c624894cda198319e5116be52bd8ffaf414e3db2372c  dashboard/tests/test_aideck.py
7666d04f2220424325b1552ae3304da42954ab4cd3789ab6c92df7bf34a5e509  dashboard/tests/test_camera.mjs
1c54a8ab2dc4e10aa06b23cd2c07d84b423c6a738b56c4d9f7bce062b3836bcd  dashboard/tests/test_checklist.py
7d071b13a3e44f09e1ec253c3e70238c53d254faafff17288dd05cb2928f7db6  dashboard/tests/test_core.py
3bd4aa98d6522fa54393da2cd5686dd4f2fdec756ea8dec2adb737b5a40c7e74  dashboard/tests/test_fleet.py
941f324c836c8c0e92c8e6773d56869a98720e8157704f4082f87e9948f1ce29  dashboard/tests/test_fleet_ui.mjs
814ae5742c107c3b79d113649eff8abfaa20d13d80fbddee44ebf44f7a399b85  dashboard/tests/test_lanes.py
859dd45ad9593c5c9d91825bfa4599d540fbebcd969d5f36255990d71cba566c  dashboard/tests/test_m3_followup.py
96f40767d8c089d3bd2185fc75420cc8e7477c1edb26c2c6b1640bdba1d6f39b  dashboard/tests/test_m4_followup.py
e3e517fb3a09e86a0f7c9afb4efbccb9faa08aefc5a58a38847ab82ac2cac17c  dashboard/tests/test_m5_server.py
14805155979eecc931e5679d16dd08e9cbac8f7313d4d8d4f98af6cf59617d87  dashboard/tests/test_m6_server.py
60f6afffb4ab7578c1abc11355ad1eeba9bd189d66abca2524a9ddcb8bc7fefd  dashboard/tests/test_m8_config_check.py
51d56731766576a1e2458c87bff7eecb2f4b8b81535fa3531f76ae5fae004df3  dashboard/tests/test_m8_safety.py
ab22f8192201cb07234bee0d2f43cb97e0bf7bf0cfc4e55cb94576aec51b742d  dashboard/tests/test_m8_spawn_retention.py
7b026bbb55a5aad4808144770a517fe36425dc93a98948d54b49156e44a80068  dashboard/tests/test_phase.py
b2d64f3016ea073bdcbda86d067876d56948773abca0e457db5e570905de66ff  dashboard/tests/test_pinger.py
d5904812d4fc22d50433be5b7b1bef89209c2e789023c3c10f0fec857b03c3dd  dashboard/tests/test_preflight.py
4b311a2c0037f28ace7a8b7a54f8b60be2eb314a2c719ce8eb24965a10a63e18  dashboard/tests/test_ros_control.py
e288897ada92551f103478c0697a116fd5ab940b23453dce69c08228f95ac03d  dashboard/tests/test_ros_io.py
cf326465cfc964ff02fed50eb37418d978a1ebbab93dbb606cc6b2b05668428a  dashboard/tests/test_runner.py
90b907c120966b1414e7c4057054543400bad3730df529d1b3314b660a97e487  dashboard/tests/test_sim_images.py
7d4e614f80292a3f8c962ee55bc600f0faf60aec25c0700d8142140e2ea52b3d  dashboard/tests/test_stage_tools.py
6f5aa39d9ca5a40588303405e7cba700bc9e3e22c026557bf1d8d53f1e347bf2  dashboard/tests/test_twin_model.mjs
5df5ac0cec89b382cc6b10d34b02222f515b87adf779e5d1c9cf2893e3ee80ae  dashboard/tests/test_visitor_model.mjs
b8657f6b9abeb577bb26a8eb607f9a054c2a0b9b42f35314cd835f73f9b4f565  dashboard/tests/test_visitor_ws.mjs
b53953e161c9cc5d58defae47267f588225eb35c227b692d7798e6ec73541809  dashboard/tests/verify_m1_ros.py
6075f45d643dff4e1f17147e13432106eab12e2c3d34631af8c89e563a7238e0  dashboard/tests/verify_m1_scope.py
af77319e43c394f18af9a7f9c8dbec2d4e82d0ad3f2334c2ed6650f37d503bf0  dashboard/tests/verify_m2_constraints.py
b4addd7d5e81d61abab922987e5e745fce1c2f8197d71c62a3b97b9eb25bbe32  dashboard/tests/verify_m2_ros.py
6ca4e3e007a4d4048aa418d428ee30ade40fd9a20dff36a30f1e1023d2b73cd1  dashboard/tests/verify_m3_followup.py
61f8aee3618d95dc7e908e88d2c5df5c6ede2dd44b4ed906e8b96a083bc68337  dashboard/tests/verify_m3_ui.mjs
fe98d6f344eeb0e99c54811989d6afa8e12ba21e24370166c08d45a9736c19b6  dashboard/tests/verify_m4_header.mjs
bda8aca88f7539fe84d7e75c46d9f8ddc8bafe180153c0cf9837682973221e27  dashboard/tests/verify_m4_images.py
adb95ca72ac13037fa664c3f9433f3272d1c1e7a8383d57f7a0c2eda0621c747  dashboard/tests/verify_m4_ui.mjs
cdbb971d33e70c08c089c79e55356b8831359cc300c31b43d6c88aa15ec3c6ed  dashboard/tests/verify_m5_admin.mjs
52e0b5bbf95b146cb60455535b9f2e0cc707b548b49e7b291f542feb9547ce1c  dashboard/tests/verify_m5_ros_control.py
9e4b2beb012f28ff376dc22de0ac0ab5f4d9ef13acc088d2df65aaa650eec955  dashboard/tests/verify_m5_server_shutdown.py
21a9e8ab964753cb203289def6db52751fc18df0c6c07e92557c499c205c83b2  dashboard/tests/verify_m6_admin.mjs
81667d988dbf45b3ec832b76171dfb6edf91364ab29997bb3a82ef05d8ac26f7  dashboard/tests/verify_m6_fleet.py
63c202b5d3a7262410b75a755fd65af48110ca4bdce80eb0f012b80381eb38ae  dashboard/tests/verify_m8_bundled_config.py
2edc871d8f1fef6ddcff79ee173fce099c0fcf19dc5065b18a48cd34ce228b51  dashboard/tests/verify_m8_frontend.mjs
02804b2540822e289f1f7f70e28b5889d081050314aedb75fe1243fc7288208d  dashboard/tests/verify_m8_reconfigure.py
