✔ checklist exposes only spare warnings while role and global checks retain their order (1.213666ms)
✔ every run state follows command table and LANDING defeats retry timeout (0.250125ms)
✔ snapshot ack ignores history and matches only the pending command (0.21925ms)
✔ binary JPEG drops while busy, resizes to decoded dimensions, draws and closes (2.653583ms)
✔ disposed decoder closes late bitmap without touching detached canvas (0.154916ms)
✔ failed decoding frees its slot and overlay distinguishes never received from stale (0.183ms)
✔ fleet writes stay locked until fresh settings load, including initial state delivery (5.334958ms)
✔ explicit stack stop requires fresh settings, IDLE, connection and no active fleet operation (1.587ms)
✔ explicit stack stop posts once, blocks concurrent actions, then allows a new start from received down state (2.882791ms)
✔ an external stack cannot be stopped from the UI or a queued click handler (1.288958ms)
✔ reconnect reload discards the old roster confirmation and uses the new physical assignment (4.578292ms)
✔ an older settings response cannot overwrite a newer hello reload (0.632417ms)
✔ failed settings refresh keeps writes locked and late events cannot submit outside IDLE (0.602583ms)
✔ leaving IDLE closes an open review and rejects a queued confirmation event (0.35ms)
✔ a recommendation from before reconnect cannot replace the freshly loaded roster draft (0.42425ms)
✔ field bounds follow supplied regions, including renamed and expanded deployment coordinates (1.392375ms)
✔ visitor role selection comes only from hello and never observes spare telemetry (0.086917ms)
✔ a high refresh rate display cannot request more than sixty rendered frames per second (1.057959ms)
✔ labels colliding at the same projected pose occupy separate stable rows without moving their anchors (0.494708ms)
✔ labels near every frame edge remain within the scene above the reserved narrative (0.091458ms)
✔ diagonal automatic framing includes every floor and altitude corner at portrait and wide aspects (0.357917ms)
✔ trail memory remains fixed over a simulated 30 minute stream and expires after ten seconds (8.610084ms)
✔ wrapped trail emits chronological adjacent segments without joining the newest to oldest (0.1175ms)
✔ pose interpolation starts immediately, reaches the new sample and takes the short yaw arc (0.136958ms)
✔ an invalid or missing pose never erases the last received position (0.099ms)
✔ freshness ages between packets, removes altitude stems, and suppresses stale LED signals (0.10475ms)
✔ waiting for mission data preserves fresh pose opacity and altitude stems independently of connection loss (0.189583ms)
✔ run and connection priority ignore mission LEDs while DONE can retain the last mission (0.081ms)
✔ an assigned role with a missing pose remains translucent without an altitude stem (0.038834ms)
✔ discovery ring and return floor wash fire once and reset only for a new run (0.092583ms)
✔ run overrides phase, external observation bypasses only idle guard (0.777042ms)
✔ stale mission and disconnect clear phase signal; DONE keeps completion (0.07475ms)
✔ labels count configured searchers and phase color comes only from led (0.117125ms)
✔ finder uses display name and interest badges exclude unrelated detections (0.707041ms)
✔ observer and marker range follow hello even when lanes and IDs change (0.066459ms)
✔ elapsed uses server seconds, unknown data never becomes zero (0.055625ms)
✔ missing display name warns once per identifier (0.05225ms)
✔ LIMO goal uses the last reported nav command, never an inferred position (2.155125ms)
✔ binary forwarding strips index and ignores frames before hello (29.357ms)
✔ initial open socket without state reconnects (hello=false) (0.227292ms)
✔ initial open socket without state reconnects (hello=true) (0.136667ms)
✔ newly opened reconnect gets its own state deadline despite old stale state (0.177708ms)
✔ a state received at monotonic zero still has a watchdog deadline (0.146625ms)
✔ hello is required again after reconnect; obsolete sockets cannot refresh it (0.150167ms)
✔ stop closes the socket and prevents watchdog or retry work (0.104833ms)
✔ admin loses controls immediately on close and at 1.5 seconds without state (0.16975ms)
✔ admin expires exactly 1.5 seconds after an off-grid state receipt (0.13175ms)
✔ admin state refresh replaces the expiry timer and stop cancels it (0.124917ms)
✔ admin send rejects an expired state even when browser timers have not run (0.096583ms)
✔ admin initial state deadline starts at an off-grid socket open (0.06575ms)
✔ visitor cannot send commands even on an active socket (0.058166ms)
ℹ tests 51
ℹ suites 0
ℹ pass 51
ℹ fail 0
ℹ cancelled 0
ℹ skipped 0
ℹ todo 0
ℹ duration_ms 106.887084
