BASE_IMAGE ros:humble sha256:1813d3c85d7f96ff7d3012d865204583255740182db5d0065f8f8cd029a83138
PREPARED_BEFORE_ANY_ROS_BUILD coshow-m8-install-pristine:20260913 sha256:ab07a31b650dc6cdc54bc553c194fb2c0d271caf2b0fb4570580eb315b960bbc
COMMAND M8_install_prepare.log docker exec coshow-m8-install-isolated bash /source/dashboard/REPORTS/evidence/M8_install_prepare.sh
LOG_BYTES 41238 SHA256 59f3dc1350bf779d6e09542c8678e24902251d386e739bbc140405d76a3e3c81
COMMAND M8_install_clean.log docker exec -u coshow coshow-m8-install-isolated env -i HOME=/home/coshow USER=coshow PATH=/usr/local/bin:/usr/bin:/bin DISPLAY=:99 XDG_SESSION_TYPE=x11 ROS_DOMAIN_ID=92 ROS_LOCALHOST_ONLY=1 bash --noprofile --norc /source/dashboard/REPORTS/evidence/M8_install_validate.sh clean
LOG_BYTES 262746 SHA256 b01789dd2a7e71d929db8aa352a410ef311dd644364599be25800772d7bf6b28
COMMAND M8_install_merged.log docker exec -u coshow coshow-m8-install-merged env -i HOME=/home/coshow USER=coshow PATH=/usr/local/bin:/usr/bin:/bin DISPLAY=:99 XDG_SESSION_TYPE=x11 ROS_DOMAIN_ID=93 ROS_LOCALHOST_ONLY=1 bash --noprofile --norc /source/dashboard/REPORTS/evidence/M8_install_validate.sh merged
LOG_BYTES 245801 SHA256 11693f4ddf2b8fa9051504ff43bb7527d6679ecd48d7263087a2ac6273494abd
COMMAND M8_install_kiosk_no_x.log docker exec -u coshow coshow-m8-install-isolated env -i HOME=/home/coshow USER=coshow PATH=/usr/local/bin:/usr/bin:/bin XDG_SESSION_TYPE=wayland DISPLAY= bash /source/dashboard/kiosk.sh --dry-run
LOG_BYTES 618 SHA256 f15208a5c417061b08fda99cb7403cf0670942299331054687f2bc938c8b9415
COMMAND M8_install_wrong_clone.log docker exec -u coshow coshow-m8-install-isolated env -i HOME=/home/coshow USER=coshow PATH=/usr/local/bin:/usr/bin:/bin bash /source/dashboard/install.sh
LOG_BYTES 133 SHA256 8e1e0e19e1cff832f81d39d1915a4f1a66d0d33cd0ab7228b230838cff1e4449
COMMAND M8_install_kit_green.log docker run --rm --name coshow-m8-kit-tests --entrypoint /bin/bash -v <repository>:/ws -w /ws coshow-humble-dev -lc "source /opt/ros/humble/setup.bash && python3 -m pytest dashboard/tests/test_stage_tools.py -q"
LOG_BYTES 99 SHA256 40bb1e628d90ebba027bc7f9515cbae1790cf48863c2cdcff35db0907a6234f5
COMMAND M8_install_archive.log python3 dashboard/REPORTS/evidence/M8_install_archive.py
LOG_BYTES 976 SHA256 edf35139a310761b6411fdcac0e99a93acb67762ad1a3d0780a80c2b820a545a
PASS latest installer SHA256 bd11f8fa84d0f76b060d9f722a06ce4b9a3004189fd7e436f07340df2d83a41e
PASS D1/D4 RED4 -> complete kit GREEN20; wrong-clone real invocation expected exit2; no-X dry-run exit0
PASS tracked full gzip: 1060 messages,1059 states,8 phases; original recording hash unchanged
PASS tracked CSV gzip:14826 pose rows; M7_stage_probe.log minus command header preserves original stdout SHA256
LIMITS: disposable Chromium140 + Xvfb3840x2160; no physical monitor/GPU byte measurement, Webots, radio, AI Deck socket or robot flight
