✔ checklist exposes only spare warnings while role and global checks retain their order (1.228875ms)
✔ every run state follows command table and LANDING defeats retry timeout (0.342167ms)
✔ snapshot ack ignores history and matches only the pending command (0.216ms)
✔ binary JPEG drops while busy, resizes to decoded dimensions, draws and closes (1.467042ms)
✔ disposed decoder closes late bitmap without touching detached canvas (0.13825ms)
✔ failed decoding frees its slot and overlay distinguishes never received from stale (0.189833ms)
✔ fleet writes stay locked until fresh settings load, including initial state delivery (3.70175ms)
✔ explicit stack stop requires fresh settings, IDLE, connection and no active fleet operation (0.619625ms)
✔ explicit stack stop posts once, blocks concurrent actions, then allows a new start from received down state (0.655792ms)
✔ an external stack cannot be stopped from the UI or a queued click handler (0.497833ms)
✔ reconnect reload discards the old roster confirmation and uses the new physical assignment (1.890667ms)
✔ an older settings response cannot overwrite a newer hello reload (0.524834ms)
✔ failed settings refresh keeps writes locked and late events cannot submit outside IDLE (0.397875ms)
✔ leaving IDLE closes an open review and rejects a queued confirmation event (0.347416ms)
✔ a recommendation from before reconnect cannot replace the freshly loaded roster draft (0.510583ms)
✔ field bounds follow supplied regions, including renamed and expanded deployment coordinates (1.320333ms)
✔ visitor role selection comes only from hello and never observes spare telemetry (0.081708ms)
✔ a high refresh rate display cannot request more than sixty rendered frames per second (0.557416ms)
✔ labels colliding at the same projected pose occupy separate stable rows without moving their anchors (0.35525ms)
✔ labels near every frame edge remain within the scene above the reserved narrative (0.080959ms)
✔ diagonal automatic framing includes every floor and altitude corner at portrait and wide aspects (0.343791ms)
✔ trail memory remains fixed over a simulated 30 minute stream and expires after ten seconds (2.032667ms)
✔ wrapped trail emits chronological adjacent segments without joining the newest to oldest (0.128042ms)
✔ pose interpolation starts immediately, reaches the new sample and takes the short yaw arc (0.152ms)
✔ an invalid or missing pose never erases the last received position (0.101125ms)
✔ freshness ages between packets, removes altitude stems, and suppresses stale LED signals (0.112375ms)
✔ waiting for mission data preserves fresh pose opacity and altitude stems independently of connection loss (0.096542ms)
✔ run and connection priority ignore mission LEDs while DONE can retain the last mission (0.126792ms)
✔ an assigned role with a missing pose remains translucent without an altitude stem (0.141167ms)
✔ discovery ring and return floor wash fire once and reset only for a new run (0.141791ms)
✔ run overrides phase, external observation bypasses only idle guard (0.785792ms)
✔ stale mission and disconnect clear phase signal; DONE keeps completion (0.073375ms)
✔ labels count configured searchers and phase color comes only from led (0.267083ms)
✔ finder uses display name and interest badges exclude unrelated detections (0.72175ms)
✔ observer and marker range follow hello even when lanes and IDs change (0.079042ms)
✔ elapsed uses server seconds, unknown data never becomes zero (0.058583ms)
✔ missing display name warns once per identifier (0.061167ms)
✔ LIMO goal uses the last reported nav command, never an inferred position (0.559083ms)
✔ binary forwarding strips index and ignores frames before hello (22.144709ms)
✔ initial open socket without state reconnects (hello=false) (0.230959ms)
✔ initial open socket without state reconnects (hello=true) (0.143041ms)
✔ newly opened reconnect gets its own state deadline despite old stale state (0.17625ms)
✔ a state received at monotonic zero still has a watchdog deadline (0.144584ms)
✔ hello is required again after reconnect; obsolete sockets cannot refresh it (0.151875ms)
✔ stop closes the socket and prevents watchdog or retry work (0.105459ms)
✔ admin loses controls immediately on close and at 1.5 seconds without state (0.161833ms)
✔ admin expires exactly 1.5 seconds after an off-grid state receipt (0.130083ms)
✔ admin state refresh replaces the expiry timer and stop cancels it (0.1175ms)
✔ admin send rejects an expired state even when browser timers have not run (0.118917ms)
✔ admin initial state deadline starts at an off-grid socket open (0.072958ms)
✔ visitor cannot send commands even on an active socket (0.061375ms)
ℹ tests 51
ℹ suites 0
ℹ pass 51
ℹ fail 0
ℹ cancelled 0
ℹ skipped 0
ℹ todo 0
ℹ duration_ms 96.662667
