FFFFFFF                                                                  [100%]
=================================== FAILURES ===================================
_____ test_reconfigure_live_child_is_rejected_before_old_adapter_is_closed _____

monkeypatch = <_pytest.monkeypatch.MonkeyPatch object at 0xe1fce8cc6110>

    def test_reconfigure_live_child_is_rejected_before_old_adapter_is_closed(monkeypatch):
        async def run():
            app = Dashboard(load_config(mock=True))
            calls = []
            class Adapter:
                async def close(self): calls.append('old.close')
            app.io = Adapter()
            app.runner = Runner(app.cfg, app.store, app.io, app.state)
            app.runner.children['preflight'] = SimpleNamespace(returncode=None)
            monkeypatch.setattr(ros_io, 'ROSIO', lambda *args: calls.append('new.create'))
            with pytest.raises(ValueError, match='IDLE'):
                await app.reconfigure(app.cfg)
            assert calls == []
            assert app.runner.io is app.io
>       asyncio.run(run())

dashboard/tests/test_m8_safety.py:29: 
_ _ _ _ _ _ _ _ _ _ _ _ _ _ _ _ _ _ _ _ _ _ _ _ _ _ _ _ _ _ _ _ _ _ _ _ _ _ _ _ 
/usr/lib/python3.10/asyncio/runners.py:44: in run
    return loop.run_until_complete(main)
/usr/lib/python3.10/asyncio/base_events.py:649: in run_until_complete
    return future.result()
_ _ _ _ _ _ _ _ _ _ _ _ _ _ _ _ _ _ _ _ _ _ _ _ _ _ _ _ _ _ _ _ _ _ _ _ _ _ _ _ 

    async def run():
        app = Dashboard(load_config(mock=True))
        calls = []
        class Adapter:
            async def close(self): calls.append('old.close')
        app.io = Adapter()
        app.runner = Runner(app.cfg, app.store, app.io, app.state)
        app.runner.children['preflight'] = SimpleNamespace(returncode=None)
        monkeypatch.setattr(ros_io, 'ROSIO', lambda *args: calls.append('new.create'))
        with pytest.raises(ValueError, match='IDLE'):
            await app.reconfigure(app.cfg)
>       assert calls == []
E       AssertionError: assert ['old.close', 'new.create'] == []
E         Left contains 2 more items, first extra item: 'old.close'
E         Full diff:
E         - []
E         + ['old.close', 'new.create']

dashboard/tests/test_m8_safety.py:27: AssertionError
________ test_reconfigure_failure_keeps_runner_on_a_live_adapter[start] ________

monkeypatch = <_pytest.monkeypatch.MonkeyPatch object at 0xe1fce8b6c130>
failure = 'start'

    @pytest.mark.parametrize('failure', ['start', 'close', None])
    def test_reconfigure_failure_keeps_runner_on_a_live_adapter(monkeypatch, failure):
        async def run():
            app = Dashboard(load_config(mock=True))
            calls = []
            class Adapter:
                def __init__(self, label): self.label, self.closed = label, False
                async def start(self):
                    calls.append(self.label + '.start')
                    if failure == 'start': raise RuntimeError('new adapter startup failed')
                async def close(self):
                    calls.append(self.label + '.close')
                    self.closed = True
                    if self.label == 'old' and failure == 'close':
                        raise RuntimeError('old adapter cleanup failed')
            old, new = Adapter('old'), Adapter('new')
            app.io = old
            app.runner = Runner(app.cfg, app.store, old, app.state)
            monkeypatch.setattr(ros_io, 'ROSIO', lambda *args: new)
            try:
                if failure == 'start':
                    with pytest.raises(RuntimeError, match='startup failed'):
                        await app.reconfigure(app.cfg)
                    assert not old.closed and app.io is old
                else:
                    await app.reconfigure(app.cfg)
                    assert old.closed and app.io is new
                    assert calls.index('new.start') < calls.index('old.close')
                assert app.runner.io is app.io and not app.runner.io.closed
            finally:
                for task in app.tasks: task.cancel()
                await asyncio.gather(*app.tasks, return_exceptions=True)
>       asyncio.run(run())

dashboard/tests/test_m8_safety.py:64: 
_ _ _ _ _ _ _ _ _ _ _ _ _ _ _ _ _ _ _ _ _ _ _ _ _ _ _ _ _ _ _ _ _ _ _ _ _ _ _ _ 
/usr/lib/python3.10/asyncio/runners.py:44: in run
    return loop.run_until_complete(main)
/usr/lib/python3.10/asyncio/base_events.py:649: in run_until_complete
    return future.result()
_ _ _ _ _ _ _ _ _ _ _ _ _ _ _ _ _ _ _ _ _ _ _ _ _ _ _ _ _ _ _ _ _ _ _ _ _ _ _ _ 

    async def run():
        app = Dashboard(load_config(mock=True))
        calls = []
        class Adapter:
            def __init__(self, label): self.label, self.closed = label, False
            async def start(self):
                calls.append(self.label + '.start')
                if failure == 'start': raise RuntimeError('new adapter startup failed')
            async def close(self):
                calls.append(self.label + '.close')
                self.closed = True
                if self.label == 'old' and failure == 'close':
                    raise RuntimeError('old adapter cleanup failed')
        old, new = Adapter('old'), Adapter('new')
        app.io = old
        app.runner = Runner(app.cfg, app.store, old, app.state)
        monkeypatch.setattr(ros_io, 'ROSIO', lambda *args: new)
        try:
            if failure == 'start':
>               with pytest.raises(RuntimeError, match='startup failed'):
E               Failed: DID NOT RAISE <class 'RuntimeError'>

dashboard/tests/test_m8_safety.py:53: Failed
________ test_reconfigure_failure_keeps_runner_on_a_live_adapter[close] ________

monkeypatch = <_pytest.monkeypatch.MonkeyPatch object at 0xe1fce8ad79d0>
failure = 'close'

    @pytest.mark.parametrize('failure', ['start', 'close', None])
    def test_reconfigure_failure_keeps_runner_on_a_live_adapter(monkeypatch, failure):
        async def run():
            app = Dashboard(load_config(mock=True))
            calls = []
            class Adapter:
                def __init__(self, label): self.label, self.closed = label, False
                async def start(self):
                    calls.append(self.label + '.start')
                    if failure == 'start': raise RuntimeError('new adapter startup failed')
                async def close(self):
                    calls.append(self.label + '.close')
                    self.closed = True
                    if self.label == 'old' and failure == 'close':
                        raise RuntimeError('old adapter cleanup failed')
            old, new = Adapter('old'), Adapter('new')
            app.io = old
            app.runner = Runner(app.cfg, app.store, old, app.state)
            monkeypatch.setattr(ros_io, 'ROSIO', lambda *args: new)
            try:
                if failure == 'start':
                    with pytest.raises(RuntimeError, match='startup failed'):
                        await app.reconfigure(app.cfg)
                    assert not old.closed and app.io is old
                else:
                    await app.reconfigure(app.cfg)
                    assert old.closed and app.io is new
                    assert calls.index('new.start') < calls.index('old.close')
                assert app.runner.io is app.io and not app.runner.io.closed
            finally:
                for task in app.tasks: task.cancel()
                await asyncio.gather(*app.tasks, return_exceptions=True)
>       asyncio.run(run())

dashboard/tests/test_m8_safety.py:64: 
_ _ _ _ _ _ _ _ _ _ _ _ _ _ _ _ _ _ _ _ _ _ _ _ _ _ _ _ _ _ _ _ _ _ _ _ _ _ _ _ 
/usr/lib/python3.10/asyncio/runners.py:44: in run
    return loop.run_until_complete(main)
/usr/lib/python3.10/asyncio/base_events.py:649: in run_until_complete
    return future.result()
dashboard/tests/test_m8_safety.py:57: in run
    await app.reconfigure(app.cfg)
dashboard/server.py:219: in reconfigure
    await self.io.close()
_ _ _ _ _ _ _ _ _ _ _ _ _ _ _ _ _ _ _ _ _ _ _ _ _ _ _ _ _ _ _ _ _ _ _ _ _ _ _ _ 

self = <test_m8_safety.test_reconfigure_failure_keeps_runner_on_a_live_adapter.<locals>.run.<locals>.Adapter object at 0xe1fce8a292d0>

    async def close(self):
        calls.append(self.label + '.close')
        self.closed = True
        if self.label == 'old' and failure == 'close':
>           raise RuntimeError('old adapter cleanup failed')
E           RuntimeError: old adapter cleanup failed

dashboard/tests/test_m8_safety.py:46: RuntimeError
________ test_reconfigure_failure_keeps_runner_on_a_live_adapter[None] _________

monkeypatch = <_pytest.monkeypatch.MonkeyPatch object at 0xe1fce8cc7be0>
failure = None

    @pytest.mark.parametrize('failure', ['start', 'close', None])
    def test_reconfigure_failure_keeps_runner_on_a_live_adapter(monkeypatch, failure):
        async def run():
            app = Dashboard(load_config(mock=True))
            calls = []
            class Adapter:
                def __init__(self, label): self.label, self.closed = label, False
                async def start(self):
                    calls.append(self.label + '.start')
                    if failure == 'start': raise RuntimeError('new adapter startup failed')
                async def close(self):
                    calls.append(self.label + '.close')
                    self.closed = True
                    if self.label == 'old' and failure == 'close':
                        raise RuntimeError('old adapter cleanup failed')
            old, new = Adapter('old'), Adapter('new')
            app.io = old
            app.runner = Runner(app.cfg, app.store, old, app.state)
            monkeypatch.setattr(ros_io, 'ROSIO', lambda *args: new)
            try:
                if failure == 'start':
                    with pytest.raises(RuntimeError, match='startup failed'):
                        await app.reconfigure(app.cfg)
                    assert not old.closed and app.io is old
                else:
                    await app.reconfigure(app.cfg)
                    assert old.closed and app.io is new
                    assert calls.index('new.start') < calls.index('old.close')
                assert app.runner.io is app.io and not app.runner.io.closed
            finally:
                for task in app.tasks: task.cancel()
                await asyncio.gather(*app.tasks, return_exceptions=True)
>       asyncio.run(run())

dashboard/tests/test_m8_safety.py:64: 
_ _ _ _ _ _ _ _ _ _ _ _ _ _ _ _ _ _ _ _ _ _ _ _ _ _ _ _ _ _ _ _ _ _ _ _ _ _ _ _ 
/usr/lib/python3.10/asyncio/runners.py:44: in run
    return loop.run_until_complete(main)
/usr/lib/python3.10/asyncio/base_events.py:649: in run_until_complete
    return future.result()
_ _ _ _ _ _ _ _ _ _ _ _ _ _ _ _ _ _ _ _ _ _ _ _ _ _ _ _ _ _ _ _ _ _ _ _ _ _ _ _ 

    async def run():
        app = Dashboard(load_config(mock=True))
        calls = []
        class Adapter:
            def __init__(self, label): self.label, self.closed = label, False
            async def start(self):
                calls.append(self.label + '.start')
                if failure == 'start': raise RuntimeError('new adapter startup failed')
            async def close(self):
                calls.append(self.label + '.close')
                self.closed = True
                if self.label == 'old' and failure == 'close':
                    raise RuntimeError('old adapter cleanup failed')
        old, new = Adapter('old'), Adapter('new')
        app.io = old
        app.runner = Runner(app.cfg, app.store, old, app.state)
        monkeypatch.setattr(ros_io, 'ROSIO', lambda *args: new)
        try:
            if failure == 'start':
                with pytest.raises(RuntimeError, match='startup failed'):
                    await app.reconfigure(app.cfg)
                assert not old.closed and app.io is old
            else:
                await app.reconfigure(app.cfg)
                assert old.closed and app.io is new
>               assert calls.index('new.start') < calls.index('old.close')
E               AssertionError: assert 1 < 0
E                +  where 1 = <built-in method index of list object at 0xe1fce8bf3e40>('new.start')
E                +    where <built-in method index of list object at 0xe1fce8bf3e40> = ['old.close', 'new.start'].index
E                +  and   0 = <built-in method index of list object at 0xe1fce8bf3e40>('old.close')
E                +    where <built-in method index of list object at 0xe1fce8bf3e40> = ['old.close', 'new.start'].index

dashboard/tests/test_m8_safety.py:59: AssertionError
_______ test_shutdown_installs_both_signal_guards_before_awaiting_runner _______

monkeypatch = <_pytest.monkeypatch.MonkeyPatch object at 0xe1fce8d1e950>

    def test_shutdown_installs_both_signal_guards_before_awaiting_runner(monkeypatch):
        async def run():
            app = Dashboard(load_config(mock=True))
            handlers = {}
            monkeypatch.setattr(asyncio.get_running_loop(), 'add_signal_handler',
                                lambda sig, callback, *args: handlers.update({sig: (callback, args)}))
            class ClosingRunner:
                async def close(self):
                    assert set(handlers) == {signal.SIGINT, signal.SIGTERM}
                    for callback, args in handlers.values(): callback(*args)
            app.runner = ClosingRunner()
            await app.shutdown(None)
            warnings = [row['text'] for row in app.store.events if row['level'] == 'warning']
            assert len(warnings) == 2 and all('종료 중' in text for text in warnings)
>       asyncio.run(run())

dashboard/tests/test_m8_safety.py:81: 
_ _ _ _ _ _ _ _ _ _ _ _ _ _ _ _ _ _ _ _ _ _ _ _ _ _ _ _ _ _ _ _ _ _ _ _ _ _ _ _ 
/usr/lib/python3.10/asyncio/runners.py:44: in run
    return loop.run_until_complete(main)
/usr/lib/python3.10/asyncio/base_events.py:649: in run_until_complete
    return future.result()
dashboard/tests/test_m8_safety.py:78: in run
    await app.shutdown(None)
dashboard/server.py:182: in shutdown
    await self.runner.close()
_ _ _ _ _ _ _ _ _ _ _ _ _ _ _ _ _ _ _ _ _ _ _ _ _ _ _ _ _ _ _ _ _ _ _ _ _ _ _ _ 

self = <test_m8_safety.test_shutdown_installs_both_signal_guards_before_awaiting_runner.<locals>.run.<locals>.ClosingRunner object at 0xe1fce8b6e680>

    async def close(self):
>       assert set(handlers) == {signal.SIGINT, signal.SIGTERM}
E       assert set() == {<Signals.SIG....SIGTERM: 15>}
E         Extra items in the right set:
E         <Signals.SIGINT: 2>
E         <Signals.SIGTERM: 15>
E         Full diff:
E         - {<Signals.SIGINT: 2>, <Signals.SIGTERM: 15>}
E         + set()

dashboard/tests/test_m8_safety.py:75: AssertionError
______ test_control_allows_ros_adapter_to_finish_its_one_second_boundary _______

setup = (<dashboard.runner.Runner object at 0xe1fce8d1d4e0>, namespace(raw={'commands': {'bt': 'python3 mission.py', 'prefligh...TelemetryStore object at 0xe1fce8d1d3f0>, <dashboard.tests.test_runner.Controls object at 0xe1fce8d1e830>, [], {}, ...)

    def test_control_allows_ros_adapter_to_finish_its_one_second_boundary(setup):
        async def run():
            runner, cfg, store, *_ = setup
            async def delivered(*args):
                await asyncio.sleep(1.03)
                return True
            runner.io = SimpleNamespace(land=delivered)
            assert await runner._control('land', cfg.drones[0], 0, 1) is True
            async def timed_out(*args): raise asyncio.TimeoutError()
            runner.io = SimpleNamespace(land=timed_out)
            assert await runner._control('land', cfg.drones[0], 0, 1) is None
            assert 'TimeoutError()' in store.events[-1]['text']
>       asyncio.run(run())

dashboard/tests/test_m8_safety.py:96: 
_ _ _ _ _ _ _ _ _ _ _ _ _ _ _ _ _ _ _ _ _ _ _ _ _ _ _ _ _ _ _ _ _ _ _ _ _ _ _ _ 
/usr/lib/python3.10/asyncio/runners.py:44: in run
    return loop.run_until_complete(main)
/usr/lib/python3.10/asyncio/base_events.py:649: in run_until_complete
    return future.result()
_ _ _ _ _ _ _ _ _ _ _ _ _ _ _ _ _ _ _ _ _ _ _ _ _ _ _ _ _ _ _ _ _ _ _ _ _ _ _ _ 

    async def run():
        runner, cfg, store, *_ = setup
        async def delivered(*args):
            await asyncio.sleep(1.03)
            return True
        runner.io = SimpleNamespace(land=delivered)
>       assert await runner._control('land', cfg.drones[0], 0, 1) is True
E       assert None is True

dashboard/tests/test_m8_safety.py:91: AssertionError
_______ test_preflight_death_in_done_signals_live_bt_before_direct_land ________

setup = (<dashboard.runner.Runner object at 0xe1fce8ad67a0>, namespace(raw={'commands': {'bt': 'python3 mission.py', 'prefligh...r.Process object at 0xe1fce8ad6c50>, 'preflight': <dashboard.tests.test_runner.Process object at 0xe1fce8ad6bc0>}, ...)

    def test_preflight_death_in_done_signals_live_bt_before_direct_land(setup):
        async def run():
            runner = await launch(setup)
            _, _, store, _, events, processes, _ = setup
            store.set_run(state='DONE')
            processes['preflight'].exit(1)
            try:
                await until(lambda: store.run['state'] == 'ABORTED', timeout=2)
                assert store.run['last_error'] == 'preflight 프로세스 사망'
                assert events[0][:3] == ('signal', 'bt', signal.SIGINT)
                assert sum(event[:3] == ('signal', 'bt', signal.SIGINT) for event in events) == 1
                assert sum(event[0] == 'land' for event in events) == 2
            finally:
                await runner.close()
>       asyncio.run(run())

dashboard/tests/test_m8_safety.py:113: 
_ _ _ _ _ _ _ _ _ _ _ _ _ _ _ _ _ _ _ _ _ _ _ _ _ _ _ _ _ _ _ _ _ _ _ _ _ _ _ _ 
/usr/lib/python3.10/asyncio/runners.py:44: in run
    return loop.run_until_complete(main)
/usr/lib/python3.10/asyncio/base_events.py:649: in run_until_complete
    return future.result()
dashboard/tests/test_m8_safety.py:106: in run
    await until(lambda: store.run['state'] == 'ABORTED', timeout=2)
_ _ _ _ _ _ _ _ _ _ _ _ _ _ _ _ _ _ _ _ _ _ _ _ _ _ _ _ _ _ _ _ _ _ _ _ _ _ _ _ 

predicate = <function test_preflight_death_in_done_signals_live_bt_before_direct_land.<locals>.run.<locals>.<lambda> at 0xe1fce8bc92d0>
timeout = 2

    async def until(predicate, timeout=4):
        deadline = time.monotonic() + timeout
        while not predicate():
>           assert time.monotonic() < deadline, 'timed out waiting for lifecycle transition'
E           AssertionError: timed out waiting for lifecycle transition
E           assert 75842.909766946 < 75842.894551569
E            +  where 75842.909766946 = <built-in function monotonic>()
E            +    where <built-in function monotonic> = time.monotonic

dashboard/tests/test_runner.py:97: AssertionError
=========================== short test summary info ============================
FAILED dashboard/tests/test_m8_safety.py::test_reconfigure_live_child_is_rejected_before_old_adapter_is_closed
FAILED dashboard/tests/test_m8_safety.py::test_reconfigure_failure_keeps_runner_on_a_live_adapter[start]
FAILED dashboard/tests/test_m8_safety.py::test_reconfigure_failure_keeps_runner_on_a_live_adapter[close]
FAILED dashboard/tests/test_m8_safety.py::test_reconfigure_failure_keeps_runner_on_a_live_adapter[None]
FAILED dashboard/tests/test_m8_safety.py::test_shutdown_installs_both_signal_guards_before_awaiting_runner
FAILED dashboard/tests/test_m8_safety.py::test_control_allows_ros_adapter_to_finish_its_one_second_boundary
FAILED dashboard/tests/test_m8_safety.py::test_preflight_death_in_done_signals_live_bt_before_direct_land
7 failed in 3.87s
